// Jest Snapshot v1, https://goo.gl/fbAQLP

exports[`<Chat /> matches snapshot 1`] = `"<section class=\\"Chat--undefined\\"><header class=\\"Header--undefined\\"><span class=\\"Header__title--undefined\\">Chat with John</span><button class=\\"Header__closeBtn--undefined\\">Ã—</button></header><section class=\\"Notification__undefined-undefined\\"></section><ul class=\\"Chat__body--undefined\\"></ul><form class=\\"Input__form--undefined\\"><input class=\\"Input--undefined\\" placeholder=\\"Type Here\\" name=\\"messages\\" /></form></section>"`;
