// Jest Snapshot v1, https://goo.gl/fbAQLP

exports[`<ClosedState /> matches snapshot 1`] = `"<header style=\\"background-color: test;\\" role=\\"button\\" tabIndex=\\"0\\" class=\\"Header--messenger\\"><span class=\\"Header__title--messenger\\">Chat with John</span><button class=\\"Header__closeBtn--messenger\\"><span>...</span></button></header>"`;
