// Jest Snapshot v1, https://goo.gl/fbAQLP

exports[`App component should render  1`] = `"<form class=\\"Input__form--undefined\\"><input class=\\"Input--undefined\\" placeholder=\\"Type Here\\" name=\\"messages\\" /></form>"`;
